<h1 id="cours2">Cours 2</h1>

<p>２０１4年１０月０６日</p>

<h2 id="prsentation">Présentation - じこしょうかい</h2>

<p>めがねのはんばいいん = vendeur de lunettes</p>

<p>ほうていのひしょ = secrétaire au tribunal</p>

<p>いしゃ = médecin</p>

<p>絵（え）を書（か）く = dessiner, peindre</p>

<p>どこに住（す）んでいますか = Où habitez-vous ?  </p>

<p>小（しょう）児（に）精（せい）神（しん）科（か） = pédopsychiatre (科 pour la spécialisation)</p>

<p>治（なお）す= soigner</p>

<p>ローラースケート = patins à roulettes</p>

<p>ローラーブレード = rollers en lignes</p>

<p>乗（じょう）馬（ば） = équitation</p>

<p>庭（にわ）仕（し）事（ごと） = faire du jardinage</p>

<p>しばいをする = faire du théâtre</p>

<p>家（か）事（じ）をする = faire le ménage</p>

<p>公（こう）園（えん）<strong>を</strong>さんぽします = se promener (avec le を de passage)</p>

<p>はしをわたります = traverser le pont</p>

<p>友（とも）達（だち）に会（あ）います = voir des amis</p>

<p>れきし = histoire</p>

<h2 id="structuregrammaticale">Structure grammaticale - 文（ぶん）型（けい）</h2>

<h3 id="demanderquestionouverte">Demander, Question ouverte</h3>

<p>Mot interrogatif + [Verbe | adj neutre | Nom] + か</p>

<h4 id="">例（れい）１</h4>

<ul>
<li>何（なん）時（じ）に到（とう）着（ちゃく）しますか。 <br />
À quelle heure est-ce que j'arrive ?</li>
<li>しらべてください。 <br />
Renseignez-vous  </li>
</ul>

<p>何（なん）時（じ）に到（とう）着（ちゃく）<strong>するか</strong>しらべてください。 <br />
Renseignez-vous pour moi sur l'heure d'arrivée.</p>

<h4 id="">例（れい）２</h4>

<ul>
<li>会（かい）ぎは何（なん）時（じ）におわりますか。 <br />
À quelle heure fini la réunion ?</li>
<li>わかりません。 <br />
Je ne sais pas</li>
</ul>

<p>会（かい）ぎは何（なん）時（じ）に<strong>おわるか</strong>わかりません。 <br />
Je ne sais pas à quelle heure fini la réunion.</p>

<h4 id="">例（れい）３</h4>

<ul>
<li>ビールは何（なん）本（ぼん）ありますか。 <br />
Combien de bières y a-t-il ?</li>
<li>おしえてください。 <br />
Renseignez moi sur …</li>
</ul>

<p>ビールは何（なん）本（ぼん）あるかおしえてください。 <br />
Dites moi combien y a-t-il de bières.</p>

<h3 id="questionfermeouiounon">かどうか - Question fermée (Oui ou non)</h3>

<p>[Verbe | adj | Nom] かどうか</p>

<h4 id="">例（れい）１</h4>

<ul>
<li>間（まち）違（が）いがありませんか。 <br />
Est-ce qu'il y a des erreurs ?</li>
<li>見（み）てください。 <br />
Regardez, svp.</li>
</ul>

<p>間（まち）違（が）いが<strong>ないかどうか</strong>見（み）ってください。 <br />
Regardez s'il n'y aurait pas des fautes, svp.</p>

<ul>
<li>マリアンヌさんが来（き）ますか。 <br />
Est-ce que Marie-Anne est venue ?</li>
<li>分（わ）かりません。 <br />
Elle ne savait pas</li>
</ul>

<p>マリアンヌさんが<strong>くるかどうか</strong>分（わ）かりません。</p>

<h3 id="exercices">Exercices</h3>

<p>例１：先生は学生に元（げん）気（き）<strong>かどうか</strong>、聞（き）きました。 <br />
Le professeur a demandé à l'étudiante si elle allait bien.</p>

<p>例２：先生は学生に何（なん）時（じ）に<strong>来たか</strong>、聞（き）きました。 <br />
Le professeur a demandé à l'étudiante à quelle heure elle est arrivée.</p>

<ol>
<li>学生は先生にどんな学（がっ）校（こう）<strong>いいか</strong>相（そう）談（だん）しました。 <br />
L'étudiant a demandé quelle école était bien.</li>
<li>学生は田（た）中（なか）さんにパスポートがひっよう<strong>かどうか</strong>確（たし）かめました。 <br />
L'étudiant a demandé à Mme Yamada si le passport était nécessaire.</li>
<li>先生は学生に困（こま）っていることが<strong>ないか</strong>聞（き）きました。 <br />
Le professeur a demandé à l'étudiant s'il était embêté.</li>
</ol>

<h3 id="essayerdepourvoirv">essayer de … pour voir - Vテ + 見（み）ます</h3>

<p>靴（くつ）をはいてみます。Essayer des chaussures</p>

<ul>
<li>来て見ます</li>
<li>はいてみます Essayer (des chaussures)</li>
<li>めがねをかけて見ます Essayer des lunettes</li>
<li>かぶって見ます Essayer (un chapeau)</li>
<li>たしかめて見ます Vérifier</li>
<li>聞いて見ます demander pour vérifier</li>
<li>電（でん）話（わ）して見ます téléphoner pour vérifier</li>
<li>食（た）べてみます goûter</li>
</ul>

<h2 id="kanji">漢字 Kanji</h2>

<ul>
<li><font size="+2">画</font>・ガ・dessin</li>
<li><font size="+2">用</font>・ヨウ・dédié pour</li>
<li><font size="+2">角</font>・カク・かど・angle</li>
<li><font size="+2">絵</font>・え・dessin</li>
<li><font size="+2">形</font>・かたち・forme</li>
</ul>