<h1 id="cours3">Cours 3</h1>

<p>２０１４年１０月１３日</p>

<h2 id="">最近何をしましたか</h2>

<p>字（じ）幕（まく） = sous-titres</p>

<p>Pour les dates en japonais, dans l'ordre, on donne le mois, la date et enfin le jour de la semaine <br />
例：十（じゅう）月（がつ）十（じゅう）三（さん）日（にち）月（げつ）曜（よう）日（び）</p>

<p>かぜをひきます = Attraper un rhume</p>

<p>ロブスーたー = homard</p>

<p>平（ひら）泳（およ）ぎ = la brasse (nage)</p>

<p>Attention, pour les japonais 1.5 キロ = 1.5 kilomètre ou 1.5 kilogramme</p>

<p>会（かい）社（しゃ）の人（ひと） = les collègues en général</p>

<p>どうりょう = les collègues de travail (de même rang)</p>

<p>飲（の）み<strike>ます</strike> + すぎます = 飲みすぎます = trop boire</p>

<p>よっぱらい = ivre, bourré</p>

<p>スキューバーダイビング = plongée sous-marine</p>

<p>料（りょう）理（り）　cuisine ≠ りょこう voyage</p>

<p>ごちそう = festin, super repas</p>

<p>けしき = paysage</p>

<p>ヴェルニサージュ = vernissage</p>

<h2 id="grammairefairepourvoirsi">Grammaire – faire pour voir si …</h2>

<h3 id="v">すみません、Vテ　みてもいいですか</h3>

<p>例：スボンをはいてみてもいいですか。 <br />
J'enfile un pantalon pour voir si ça convient.</p>

<h3 id="v">Vテ　みましょう</h3>

<ul>
<li>食（た）べてみましょう : goûtons-voir !</li>
<li>飲んでみましょう : Buvons pour goûter !</li>
</ul>

<p>おいしいかどうか食（た）べてみます。 <br />
Je goûte pour voir si c'est bon</p>

<p>面（おも）白（しろ）いかどうか読（よ）んでみます。 <br />
Je lis pour voir si c'est interessant.</p>

<p>ビールが何（なん）本（ぼん）あるか見（み）てみます。 <br />
Je regarde combien de bières il reste.</p>

<h2 id="exercice403">Exercice 40.3</h2>

<ol>
<li>おいしかどうか、たべてみます。 <br />
Je goûte pour voir si c'est bon. <br />
おいしかどうか、飲んでみます。 <br />
Je goûte (boisson) pour voir si c'est bon.</li>
<li>サイズが合（あ）うかどうか、はいてみます。 <br />
J'essaye (un pantalon) pour voir si la taille correspond. <br />
サイズが合うかどうか、きてみます。 <br />
J'essaye (un vêtement) pour voir si la taille correspond.  </li>
<li>いつまでに申（もう）し込（こ）むか、たしかめてみます。 <br />
Je vérifie jusque quand il faut s'inscrire. <br />
いつまでに申し込むか、電（でん）話（わ）してみます。 <br />
Je téléphone pour savoir jusqu'à quand il faut s'inscrire.</li>
</ol>

<h2 id="grammaireessayerpourvoir">Grammaire – essayer pour voir …</h2>

<h3 id="vstrikestrike">Vテ　+　み<strike>ます</strike>　+　たいです。</h3>

<p>月（つき）に行ってみたいです。 <br />
Vouloir aller voir comment c'est sur la Lune</p>

<p>南（なん）極（きょく）にいってみたいです。 <br />
Je souhaite aller au pôle sud, juste pour voir.</p>

<p>ポルトガルに行ってみたいです。 <br />
Je souhaite aller au Portugal, pour voir.</p>

<p>せんすいかんにのってみたいです。 <br />
Je souhaite monter dans un sous-marin, pour voir.</p>

<p>北（きた）朝（ちょう）鮮（せん）に行ってみたいです。 <br />
Je souhaite aller en Corée du Nord, pour voir.</p>

<h2 id="grammairepermissionetinterdiction">Grammaire – Permission et Interdiction</h2>

<p>Permission : Vテ+もいいです </p>

<p>Interdiction : Vテ+はいけません</p>

<h3 id="exercice153">Exercice 15.3</h3>

<p>例：たばこを吸（す）ってはいけません。 <br />
Interdiction de fumer</p>

<ol>
<li>入（はい）ってはいけません。 <br />
Interdiction d'entrer</li>
<li>犬（いぬ）といっしょに入ってはいけません。 <br />
Interdiction d'entrer avec un chien.</li>
<li>食べてはいけません。 <br />
Interdiction de manger</li>
<li>泳（およ）いではいけません。 <br />
Interdiction de nager</li>
<li>けたいでんわをすかってはいけません。 <br />
Interdiction de téléphoner</li>
</ol>

<h2 id="kanji">Kanji 漢字</h2>

<ul>
<li><font size="+2">遠</font>・とお（い）・えん・loin</li>
<li><font size="+2">近</font>・ちか（い）・キン・près</li>
<li><font size="+2">道</font>・みち・ドウ・chemin</li>
<li><font size="+2">通</font>・とお（る）・ツウ・passer</li>
<li><font size="+2">交</font>・コウ・croiser</li>
</ul>

<p>PS : dans les kanji 1 à 4, on retrouve la clé du <strong>chemin</strong></p>

<h2 id="">読みましょう</h2>

<h3 id="lepetitchaperonrouge">Le petit chaperon rouge</h3>

<p>ある日お母さんが赤ずきんちゃんに言（い）いました。 <br />
—「おばあさんにケーキをもって行ってちょうだい。おばあさんの家は遠いけれど森（もり）を通（とお）ってはいけません。わるいおおかみがいますからね。」</p>

<p>でも赤ずきんちゃんは近（ちか）道（みち）があるので森を通（とお）りました。</p>

<p>木（き）の後（うし）ろから　おおかみが　出（で）て　きました。 <br />
—「赤ずきんちゃん。どこへ行くの。」 <br />
—「おばあさんの家よ。」 <br />
—「あそこに　きれいな花（はな）が　あるよ。おばあさん　よろこぶよ。」</p>

<p>赤ずきんちゃんが　花を　とって　いる　間（あいだ）に　おおかみは　おばあさんの　家に　行って　おばあさんを　食べて　しまいました。　そしておばあさんの　ふくを　きて　ベッドに　ねて　いました。　そこへ　赤ずきんちゃんが　やって　来ました・・・・。</p>

<ul>
<li>言（い）いました = dire</li>
<li>近（ちか）道（みち） = raccourci</li>
<li>後（うし）ろ = うしろ = derrière</li>
<li>よろこぶよ = se réjouir</li>
</ul>

<h2 id="devoirs">Devoirs – しゅくだい</h2>

<p><em>* Attention : Reprise des cours le 4 novembre *</em></p>

<ul>
<li>Raconter un livre ou un film en ~1 page</li>
<li>Exercice 40.4</li>
</ul>