<h1>Page 1</h1>

<p>This is <strong>page 1</strong>.</p>